// Jest Snapshot v1, https://goo.gl/fbAQLP

exports[`DailyQuestion should match snapshot 1`] = `undefined`;
