// Jest Snapshot v1, https://goo.gl/fbAQLP

exports[`Home should match snapshot 1`] = `
ShallowWrapper {
  Symbol(enzyme.__root__): [Circular],
  Symbol(enzyme.__unrendered__): <Home />,
  Symbol(enzyme.__renderer__): Object {
    "batchedUpdates": [Function],
    "getNode": [Function],
    "render": [Function],
    "simulateError": [Function],
    "simulateEvent": [Function],
    "unmount": [Function],
  },
  Symbol(enzyme.__node__): Object {
    "instance": null,
    "key": undefined,
    "nodeType": "host",
    "props": Object {
      "children": Array [
        <h1
          className="title"
        >
          Welcome to 
          <span
            className="trivia-text"
          >
            Nickel Trivia!
          </span>
        </h1>,
        <img
          alt="Nickel Jar Logo"
          className="nickel-logo"
          src="nickel.png"
        />,
        <div
          className="btn-container"
        >
          <NavLink
            activeClassName="active"
            aria-current="page"
            to="/dailyquestion"
          >
            <button
              className="daily-trivia-btn btn"
            >
              Trivia of the Day
            </button>
          </NavLink>
          <NavLink
            activeClassName="active"
            aria-current="page"
            to="/triviagame"
          >
            <button
              className="trivia-game-btn btn"
            >
              Trivia Game
            </button>
          </NavLink>
        </div>,
      ],
      "className": "landing-page",
    },
    "ref": null,
    "rendered": Array [
      Object {
        "instance": null,
        "key": undefined,
        "nodeType": "host",
        "props": Object {
          "children": Array [
            "Welcome to ",
            <span
              className="trivia-text"
            >
              Nickel Trivia!
            </span>,
          ],
          "className": "title",
        },
        "ref": null,
        "rendered": Array [
          "Welcome to ",
          Object {
            "instance": null,
            "key": undefined,
            "nodeType": "host",
            "props": Object {
              "children": "Nickel Trivia!",
              "className": "trivia-text",
            },
            "ref": null,
            "rendered": "Nickel Trivia!",
            "type": "span",
          },
        ],
        "type": "h1",
      },
      Object {
        "instance": null,
        "key": undefined,
        "nodeType": "host",
        "props": Object {
          "alt": "Nickel Jar Logo",
          "className": "nickel-logo",
          "src": "nickel.png",
        },
        "ref": null,
        "rendered": null,
        "type": "img",
      },
      Object {
        "instance": null,
        "key": undefined,
        "nodeType": "host",
        "props": Object {
          "children": Array [
            <NavLink
              activeClassName="active"
              aria-current="page"
              to="/dailyquestion"
            >
              <button
                className="daily-trivia-btn btn"
              >
                Trivia of the Day
              </button>
            </NavLink>,
            <NavLink
              activeClassName="active"
              aria-current="page"
              to="/triviagame"
            >
              <button
                className="trivia-game-btn btn"
              >
                Trivia Game
              </button>
            </NavLink>,
          ],
          "className": "btn-container",
        },
        "ref": null,
        "rendered": Array [
          Object {
            "instance": null,
            "key": undefined,
            "nodeType": "function",
            "props": Object {
              "activeClassName": "active",
              "aria-current": "page",
              "children": <button
                className="daily-trivia-btn btn"
              >
                Trivia of the Day
              </button>,
              "to": "/dailyquestion",
            },
            "ref": null,
            "rendered": Object {
              "instance": null,
              "key": undefined,
              "nodeType": "host",
              "props": Object {
                "children": "Trivia of the Day",
                "className": "daily-trivia-btn btn",
              },
              "ref": null,
              "rendered": "Trivia of the Day",
              "type": "button",
            },
            "type": [Function],
          },
          Object {
            "instance": null,
            "key": undefined,
            "nodeType": "function",
            "props": Object {
              "activeClassName": "active",
              "aria-current": "page",
              "children": <button
                className="trivia-game-btn btn"
              >
                Trivia Game
              </button>,
              "to": "/triviagame",
            },
            "ref": null,
            "rendered": Object {
              "instance": null,
              "key": undefined,
              "nodeType": "host",
              "props": Object {
                "children": "Trivia Game",
                "className": "trivia-game-btn btn",
              },
              "ref": null,
              "rendered": "Trivia Game",
              "type": "button",
            },
            "type": [Function],
          },
        ],
        "type": "div",
      },
    ],
    "type": "div",
  },
  Symbol(enzyme.__nodes__): Array [
    Object {
      "instance": null,
      "key": undefined,
      "nodeType": "host",
      "props": Object {
        "children": Array [
          <h1
            className="title"
          >
            Welcome to 
            <span
              className="trivia-text"
            >
              Nickel Trivia!
            </span>
          </h1>,
          <img
            alt="Nickel Jar Logo"
            className="nickel-logo"
            src="nickel.png"
          />,
          <div
            className="btn-container"
          >
            <NavLink
              activeClassName="active"
              aria-current="page"
              to="/dailyquestion"
            >
              <button
                className="daily-trivia-btn btn"
              >
                Trivia of the Day
              </button>
            </NavLink>
            <NavLink
              activeClassName="active"
              aria-current="page"
              to="/triviagame"
            >
              <button
                className="trivia-game-btn btn"
              >
                Trivia Game
              </button>
            </NavLink>
          </div>,
        ],
        "className": "landing-page",
      },
      "ref": null,
      "rendered": Array [
        Object {
          "instance": null,
          "key": undefined,
          "nodeType": "host",
          "props": Object {
            "children": Array [
              "Welcome to ",
              <span
                className="trivia-text"
              >
                Nickel Trivia!
              </span>,
            ],
            "className": "title",
          },
          "ref": null,
          "rendered": Array [
            "Welcome to ",
            Object {
              "instance": null,
              "key": undefined,
              "nodeType": "host",
              "props": Object {
                "children": "Nickel Trivia!",
                "className": "trivia-text",
              },
              "ref": null,
              "rendered": "Nickel Trivia!",
              "type": "span",
            },
          ],
          "type": "h1",
        },
        Object {
          "instance": null,
          "key": undefined,
          "nodeType": "host",
          "props": Object {
            "alt": "Nickel Jar Logo",
            "className": "nickel-logo",
            "src": "nickel.png",
          },
          "ref": null,
          "rendered": null,
          "type": "img",
        },
        Object {
          "instance": null,
          "key": undefined,
          "nodeType": "host",
          "props": Object {
            "children": Array [
              <NavLink
                activeClassName="active"
                aria-current="page"
                to="/dailyquestion"
              >
                <button
                  className="daily-trivia-btn btn"
                >
                  Trivia of the Day
                </button>
              </NavLink>,
              <NavLink
                activeClassName="active"
                aria-current="page"
                to="/triviagame"
              >
                <button
                  className="trivia-game-btn btn"
                >
                  Trivia Game
                </button>
              </NavLink>,
            ],
            "className": "btn-container",
          },
          "ref": null,
          "rendered": Array [
            Object {
              "instance": null,
              "key": undefined,
              "nodeType": "function",
              "props": Object {
                "activeClassName": "active",
                "aria-current": "page",
                "children": <button
                  className="daily-trivia-btn btn"
                >
                  Trivia of the Day
                </button>,
                "to": "/dailyquestion",
              },
              "ref": null,
              "rendered": Object {
                "instance": null,
                "key": undefined,
                "nodeType": "host",
                "props": Object {
                  "children": "Trivia of the Day",
                  "className": "daily-trivia-btn btn",
                },
                "ref": null,
                "rendered": "Trivia of the Day",
                "type": "button",
              },
              "type": [Function],
            },
            Object {
              "instance": null,
              "key": undefined,
              "nodeType": "function",
              "props": Object {
                "activeClassName": "active",
                "aria-current": "page",
                "children": <button
                  className="trivia-game-btn btn"
                >
                  Trivia Game
                </button>,
                "to": "/triviagame",
              },
              "ref": null,
              "rendered": Object {
                "instance": null,
                "key": undefined,
                "nodeType": "host",
                "props": Object {
                  "children": "Trivia Game",
                  "className": "trivia-game-btn btn",
                },
                "ref": null,
                "rendered": "Trivia Game",
                "type": "button",
              },
              "type": [Function],
            },
          ],
          "type": "div",
        },
      ],
      "type": "div",
    },
  ],
  Symbol(enzyme.__options__): Object {
    "adapter": ReactSixteenAdapter {
      "options": Object {
        "enableComponentDidUpdateOnSetState": true,
        "lifecycles": Object {
          "componentDidUpdate": Object {
            "onSetState": true,
          },
          "getDerivedStateFromProps": true,
          "getSnapshotBeforeUpdate": true,
          "setState": Object {
            "skipsComponentDidUpdateOnNullish": true,
          },
        },
      },
    },
  },
}
`;
